// Jest Snapshot v1, https://goo.gl/fbAQLP

exports[`Testing configure store Should match the snapshot 1`] = `
Object {
  "@@observable": [Function],
  "dispatch": [Function],
  "getState": [Function],
  "replaceReducer": [Function],
  "subscribe": [Function],
}
`;
