// Jest Snapshot v1, https://goo.gl/fbAQLP

exports[`Create Item Page Snapshot renders correctly 1`] = `ShallowWrapper {}`;
