// Jest Snapshot v1, https://goo.gl/fbAQLP

exports[`Test for NotFound Snapshot should Match 1`] = `ReactWrapper {}`;
